[ar an al]
[ar an]
ar
[aa]
[]
["axxxbyc" "xxx" "y"]
["abzc" "" "z"]
