[["axxxbyc" "xxx" "y"]]
["axxxbyc" "xxx" "y"]
["abzc" "" "z"]
