" Hello world  \n\t\r"
" Hello world"
"Hello world"
