"oinkoinkoink"
"foo\tfoo\tfoo"
"oinkoinkoink"
"foo\tfoo\tfoo"
