Please input a string:
hello world
Your input: hello world

Please input another string:
foo bar
Your input: foo bar
hello world
Your input: hello world
